This is pdfTeX, Version 3.141592653-2.6-1.40.27 (TeX Live 2025) (preloaded format=pdflatex 2025.7.28)  17 MAY 2026 23:23
entering extended mode
 restricted \write18 enabled.
 file:line:error style messages enabled.
 %&-line parsing enabled.
**/Users/alasdairnicol/Documents/DEV/DigitalSystems/fpga-digital-watch/LaTeXReport/Final.tex
(/Users/alasdairnicol/Documents/DEV/DigitalSystems/fpga-digital-watch/LaTeXReport/Final.tex
LaTeX2e <2024-11-01> patch level 2
L3 programming layer <2025-01-18>
(/usr/local/texlive/2025/texmf-dist/tex/latex/base/report.cls
Document Class: report 2024/06/29 v1.4n Standard LaTeX document class
(/usr/local/texlive/2025/texmf-dist/tex/latex/base/size10.clo
File: size10.clo 2024/06/29 v1.4n Standard LaTeX file (size option)
)
\c@part=\count196
\c@chapter=\count197
\c@section=\count198
\c@subsection=\count199
\c@subsubsection=\count266
\c@paragraph=\count267
\c@subparagraph=\count268
\c@figure=\count269
\c@table=\count270
\abovecaptionskip=\skip49
\belowcaptionskip=\skip50
\bibindent=\dimen141
) (/usr/local/texlive/2025/texmf-dist/tex/latex/base/inputenc.sty
Package: inputenc 2024/02/08 v1.3d Input encoding file
\inpenc@prehook=\toks17
\inpenc@posthook=\toks18
) (/usr/local/texlive/2025/texmf-dist/tex/latex/graphics/graphicx.sty
Package: graphicx 2021/09/16 v1.2d Enhanced LaTeX Graphics (DPC,SPQR)
 (/usr/local/texlive/2025/texmf-dist/tex/latex/graphics/keyval.sty
Package: keyval 2022/05/29 v1.15 key=value parser (DPC)
\KV@toks@=\toks19
) (/usr/local/texlive/2025/texmf-dist/tex/latex/graphics/graphics.sty
Package: graphics 2024/08/06 v1.4g Standard LaTeX Graphics (DPC,SPQR)
 (/usr/local/texlive/2025/texmf-dist/tex/latex/graphics/trig.sty
Package: trig 2023/12/02 v1.11 sin cos tan (DPC)
) (/usr/local/texlive/2025/texmf-dist/tex/latex/graphics-cfg/graphics.cfg
File: graphics.cfg 2016/06/04 v1.11 sample graphics configuration
)
Package graphics Info: Driver file: pdftex.def on input line 106.
 (/usr/local/texlive/2025/texmf-dist/tex/latex/graphics-def/pdftex.def
File: pdftex.def 2024/04/13 v1.2c Graphics/color driver for pdftex
))
\Gin@req@height=\dimen142
\Gin@req@width=\dimen143
) (/usr/local/texlive/2025/texmf-dist/tex/latex/newtx/newtxtext.sty
Package: newtxtext 2024/04/01 v1.744(Michael Sharpe) latex and unicode latex support for TeXGyreTermesX
 `newtxtext' v1.744, 2024/04/01 Text macros taking advantage of TeXGyre Termes and its extensions (msharpe) (/usr/local/texlive/2025/texmf-dist/tex/latex/xpatch/xpatch.sty (/usr/local/texlive/2025/texmf-dist/tex/latex/l3kernel/expl3.sty
Package: expl3 2025-01-18 L3 programming layer (loader) 
 (/usr/local/texlive/2025/texmf-dist/tex/latex/l3backend/l3backend-pdftex.def
File: l3backend-pdftex.def 2024-05-08 L3 backend support: PDF output (pdfTeX)
\l__color_backend_stack_int=\count271
\l__pdf_internal_box=\box52
))
Package: xpatch 2020/03/25 v0.3a Extending etoolbox patching commands
 (/usr/local/texlive/2025/texmf-dist/tex/latex/l3packages/xparse/xparse.sty
Package: xparse 2024-08-16 L3 Experimental document command parser
) (/usr/local/texlive/2025/texmf-dist/tex/latex/etoolbox/etoolbox.sty
Package: etoolbox 2025/02/11 v2.5l e-TeX tools for LaTeX (JAW)
\etb@tempcnta=\count272
)) (/usr/local/texlive/2025/texmf-dist/tex/latex/xcolor/xcolor.sty
Package: xcolor 2024/09/29 v3.02 LaTeX color extensions (UK)
 (/usr/local/texlive/2025/texmf-dist/tex/latex/graphics-cfg/color.cfg
File: color.cfg 2016/01/02 v1.6 sample color configuration
)
Package xcolor Info: Driver file: pdftex.def on input line 274.
 (/usr/local/texlive/2025/texmf-dist/tex/latex/graphics/mathcolor.ltx)
Package xcolor Info: Model `cmy' substituted by `cmy0' on input line 1349.
Package xcolor Info: Model `hsb' substituted by `rgb' on input line 1353.
Package xcolor Info: Model `RGB' extended on input line 1365.
Package xcolor Info: Model `HTML' substituted by `rgb' on input line 1367.
Package xcolor Info: Model `Hsb' substituted by `hsb' on input line 1368.
Package xcolor Info: Model `tHsb' substituted by `hsb' on input line 1369.
Package xcolor Info: Model `HSB' substituted by `hsb' on input line 1370.
Package xcolor Info: Model `Gray' substituted by `gray' on input line 1371.
Package xcolor Info: Model `wave' substituted by `hsb' on input line 1372.
) (/usr/local/texlive/2025/texmf-dist/tex/generic/iftex/iftex.sty
Package: iftex 2024/12/12 v1.0g TeX engine tests
) (/usr/local/texlive/2025/texmf-dist/tex/latex/xkeyval/xkeyval.sty
Package: xkeyval 2022/06/16 v2.9 package option processing (HA)
 (/usr/local/texlive/2025/texmf-dist/tex/generic/xkeyval/xkeyval.tex (/usr/local/texlive/2025/texmf-dist/tex/generic/xkeyval/xkvutils.tex
\XKV@toks=\toks20
\XKV@tempa@toks=\toks21
)
\XKV@depth=\count273
File: xkeyval.tex 2014/12/03 v2.7a key=value parser (HA)
)) (/usr/local/texlive/2025/texmf-dist/tex/latex/base/textcomp.sty
Package: textcomp 2024/04/24 v2.1b Standard LaTeX package
) (/usr/local/texlive/2025/texmf-dist/tex/generic/xstring/xstring.sty (/usr/local/texlive/2025/texmf-dist/tex/generic/xstring/xstring.tex
\xs_counta=\count274
\xs_countb=\count275
)
Package: xstring 2023/08/22 v1.86 String manipulations (CT)
) (/usr/local/texlive/2025/texmf-dist/tex/latex/base/ifthen.sty
Package: ifthen 2024/03/16 v1.1e Standard LaTeX ifthen package (DPC)
) (/usr/local/texlive/2025/texmf-dist/tex/latex/carlisle/scalefnt.sty)
LaTeX Font Info:    Setting ntxLF sub-encoding to TS1/0 on input line 24.
LaTeX Font Info:    Setting ntxTLF sub-encoding to TS1/0 on input line 24.
LaTeX Font Info:    Setting ntxOsF sub-encoding to TS1/0 on input line 24.
LaTeX Font Info:    Setting ntxTOsF sub-encoding to TS1/0 on input line 24.
 (/usr/local/texlive/2025/texmf-dist/tex/generic/kastrup/binhex.tex)
\ntx@tmpcnta=\count276
\ntx@cnt=\count277
 (/usr/local/texlive/2025/texmf-dist/tex/latex/fontaxes/fontaxes.sty
Package: fontaxes 2020/07/21 v1.0e Font selection axes
LaTeX Info: Redefining \upshape on input line 29.
LaTeX Info: Redefining \itshape on input line 31.
LaTeX Info: Redefining \slshape on input line 33.
LaTeX Info: Redefining \swshape on input line 35.
LaTeX Info: Redefining \scshape on input line 37.
LaTeX Info: Redefining \sscshape on input line 39.
LaTeX Info: Redefining \ulcshape on input line 41.
LaTeX Info: Redefining \textsw on input line 47.
LaTeX Info: Redefining \textssc on input line 48.
LaTeX Info: Redefining \textulc on input line 49.
)
\tx@sixem=\dimen144
\tx@y=\dimen145
\tx@x=\dimen146
\tx@tmpdima=\dimen147
\tx@tmpdimb=\dimen148
\tx@tmpdimc=\dimen149
\tx@tmpdimd=\dimen150
\tx@tmpdime=\dimen151
\tx@tmpdimf=\dimen152
\tx@dimA=\dimen153
\tx@dimAA=\dimen154
\tx@dimB=\dimen155
\tx@dimBB=\dimen156
\tx@dimC=\dimen157
LaTeX Info: Redefining \oldstylenums on input line 902.
) (/usr/local/texlive/2025/texmf-dist/tex/latex/base/fontenc.sty
Package: fontenc 2021/04/29 v2.0v Standard LaTeX package
LaTeX Font Info:    Trying to load font information for T1+minntx on input line 116.
 (/usr/local/texlive/2025/texmf-dist/tex/latex/newtx/t1minntx.fd
File: t1minntx.fd 2023/09/09 v1.1 font definition file for T1/minntx
)) (/usr/local/texlive/2025/texmf-dist/tex/latex/float/float.sty
Package: float 2001/11/08 v1.3d Float enhancements (AL)
\c@float@type=\count278
\float@exts=\toks22
\float@box=\box53
\@float@everytoks=\toks23
\@floatcapt=\box54
)
LaTeX Font Info:    Trying to load font information for T1+ntxtlf on input line 13.
 (/usr/local/texlive/2025/texmf-dist/tex/latex/newtx/t1ntxtlf.fd
File: t1ntxtlf.fd 2021/05/24 v1.1 font definition file for T1/ntx/tlf
)
LaTeX Font Info:    Font shape `T1/ntxtlf/m/n' will be
(Font)              scaled to size 10.0pt on input line 13.
 (./Final.aux

LaTeX Warning: Label `fig:procyosys' multiply defined.


LaTeX Warning: Label `fig:procyosys' multiply defined.

)
\openout1 = `Final.aux'.

LaTeX Font Info:    Checking defaults for OML/cmm/m/it on input line 13.
LaTeX Font Info:    ... okay on input line 13.
LaTeX Font Info:    Checking defaults for OMS/cmsy/m/n on input line 13.
LaTeX Font Info:    ... okay on input line 13.
LaTeX Font Info:    Checking defaults for OT1/cmr/m/n on input line 13.
LaTeX Font Info:    ... okay on input line 13.
LaTeX Font Info:    Checking defaults for T1/cmr/m/n on input line 13.
LaTeX Font Info:    ... okay on input line 13.
LaTeX Font Info:    Checking defaults for TS1/cmr/m/n on input line 13.
LaTeX Font Info:    ... okay on input line 13.
LaTeX Font Info:    Checking defaults for OMX/cmex/m/n on input line 13.
LaTeX Font Info:    ... okay on input line 13.
LaTeX Font Info:    Checking defaults for U/cmr/m/n on input line 13.
LaTeX Font Info:    ... okay on input line 13.
 (/usr/local/texlive/2025/texmf-dist/tex/context/base/mkii/supp-pdf.mkii
[Loading MPS to PDF converter (version 2006.09.02).]
\scratchcounter=\count279
\scratchdimen=\dimen158
\scratchbox=\box55
\nofMPsegments=\count280
\nofMParguments=\count281
\everyMPshowfont=\toks24
\MPscratchCnt=\count282
\MPscratchDim=\dimen159
\MPnumerator=\count283
\makeMPintoPDFobject=\count284
\everyMPtoPDFconversion=\toks25
) (/usr/local/texlive/2025/texmf-dist/tex/latex/epstopdf-pkg/epstopdf-base.sty
Package: epstopdf-base 2020-01-24 v2.11 Base part for package epstopdf
Package epstopdf-base Info: Redefining graphics rule for `.eps' on input line 485.
 (/usr/local/texlive/2025/texmf-dist/tex/latex/latexconfig/epstopdf-sys.cfg
File: epstopdf-sys.cfg 2010/07/13 v1.3 Configuration of (r)epstopdf for TeX Live
))
\c@mv@tabular=\count285
\c@mv@boldtabular=\count286
LaTeX Font Info:    Font shape `T1/ntxtlf/m/n' will be
(Font)              scaled to size 17.28pt on input line 15.
LaTeX Font Info:    Font shape `T1/ntxtlf/m/n' will be
(Font)              scaled to size 12.0pt on input line 15.
LaTeX Font Info:    External font `cmex10' loaded for size
(Font)              <12> on input line 15.
LaTeX Font Info:    External font `cmex10' loaded for size
(Font)              <8> on input line 15.
LaTeX Font Info:    External font `cmex10' loaded for size
(Font)              <6> on input line 15.


[1

{/usr/local/texlive/2025/texmf-var/fonts/map/pdftex/updmap/pdftex.map}{/usr/local/texlive/2025/texmf-dist/fonts/enc/dvips/newtx/ntx-ec-tlf.enc}]
LaTeX Font Info:    Font shape `T1/ntxtlf/m/n' will be
(Font)              scaled to size 24.88pt on input line 17.
LaTeX Font Info:    Font shape `T1/ntxtlf/b/n' will be
(Font)              scaled to size 24.88pt on input line 17.
 (./Final.toc
LaTeX Font Info:    External font `cmex10' loaded for size
(Font)              <7> on input line 1.
LaTeX Font Info:    External font `cmex10' loaded for size
(Font)              <5> on input line 1.


[1

])
\tf@toc=\write3
\openout3 = `Final.toc'.



[2]
LaTeX Font Info:    Font shape `T1/ntxtlf/m/n' will be
(Font)              scaled to size 14.4pt on input line 20.
LaTeX Font Info:    Font shape `T1/ntxtlf/b/n' will be
(Font)              scaled to size 14.4pt on input line 20.
LaTeX Font Info:    Font shape `T1/ntxtlf/b/n' will be
(Font)              scaled to size 12.0pt on input line 24.


[3]
LaTeX Font Info:    Font shape `T1/ntxtlf/b/n' will be
(Font)              scaled to size 10.0pt on input line 35.
<Images/seven_segment.png, id=17, 748.7975pt x 719.68875pt>
File: Images/seven_segment.png Graphic file (type png)
<use Images/seven_segment.png>
Package pdftex.def Info: Images/seven_segment.png  used on input line 41.
(pdftex.def)             Requested size: 345.0pt x 331.58795pt.
<Images/up_down_counter.png, id=19, 748.7975pt x 719.68875pt>
File: Images/up_down_counter.png Graphic file (type png)
<use Images/up_down_counter.png>
Package pdftex.def Info: Images/up_down_counter.png  used on input line 54.
(pdftex.def)             Requested size: 345.0pt x 331.58795pt.


[4 <./Images/seven_segment.png>]
<Images/binary_to_bcd.png, id=24, 748.7975pt x 719.68875pt>
File: Images/binary_to_bcd.png Graphic file (type png)
<use Images/binary_to_bcd.png>
Package pdftex.def Info: Images/binary_to_bcd.png  used on input line 65.
(pdftex.def)             Requested size: 345.0pt x 331.58795pt.


[5 <./Images/up_down_counter.png>]
<Images/hms_counter.png, id=29, 748.7975pt x 719.68875pt>
File: Images/hms_counter.png Graphic file (type png)
<use Images/hms_counter.png>
Package pdftex.def Info: Images/hms_counter.png  used on input line 79.
(pdftex.def)             Requested size: 345.0pt x 331.58795pt.


[6 <./Images/binary_to_bcd.png>]
<Images/mod_n_counter.png, id=35, 1134.2375pt x 652.4375pt>
File: Images/mod_n_counter.png Graphic file (type png)
<use Images/mod_n_counter.png>
Package pdftex.def Info: Images/mod_n_counter.png  used on input line 92.
(pdftex.def)             Requested size: 345.0pt x 198.45058pt.


[7 <./Images/hms_counter.png>]
<Images/restartable_rate_generator.png, id=40, 857.2025pt x 569.12625pt>
File: Images/restartable_rate_generator.png Graphic file (type png)
<use Images/restartable_rate_generator.png>
Package pdftex.def Info: Images/restartable_rate_generator.png  used on input line 105.
(pdftex.def)             Requested size: 345.0pt x 229.0533pt.


[8 <./Images/mod_n_counter.png>]
<Images/top_time_display_v1.png, id=45, 887.315pt x 649.42625pt>
File: Images/top_time_display_v1.png Graphic file (type png)
<use Images/top_time_display_v1.png>
Package pdftex.def Info: Images/top_time_display_v1.png  used on input line 119.
(pdftex.def)             Requested size: 345.0pt x 252.50227pt.


[9 <./Images/restartable_rate_generator.png>]
<Images/pwm_generator.png, id=50, 901.3675pt x 579.16376pt>
File: Images/pwm_generator.png Graphic file (type png)
<use Images/pwm_generator.png>
Package pdftex.def Info: Images/pwm_generator.png  used on input line 131.
(pdftex.def)             Requested size: 345.0pt x 221.67523pt.


[10 <./Images/top_time_display_v1.png>]
<Images/rising_edge_detector.png, id=55, 901.3675pt x 579.16376pt>
File: Images/rising_edge_detector.png Graphic file (type png)
<use Images/rising_edge_detector.png>
Package pdftex.def Info: Images/rising_edge_detector.png  used on input line 142.
(pdftex.def)             Requested size: 345.0pt x 221.67523pt.


[11 <./Images/pwm_generator.png>]
<Images/button_hold_detect.png, id=60, 817.0525pt x 579.16376pt>
File: Images/button_hold_detect.png Graphic file (type png)
<use Images/button_hold_detect.png>
Package pdftex.def Info: Images/button_hold_detect.png  used on input line 156.
(pdftex.def)             Requested size: 345.0pt x 244.55504pt.


[12 <./Images/rising_edge_detector.png>]
<Images/button_hold_pulse.png, id=66, 817.0525pt x 579.16376pt>
File: Images/button_hold_pulse.png Graphic file (type png)
<use Images/button_hold_pulse.png>
Package pdftex.def Info: Images/button_hold_pulse.png  used on input line 169.
(pdftex.def)             Requested size: 345.0pt x 244.55504pt.


[13 <./Images/button_hold_detect.png>]
<Images/button_auto_repeat.png, id=71, 749.80125pt x 579.16376pt>
File: Images/button_auto_repeat.png Graphic file (type png)
<use Images/button_auto_repeat.png>
Package pdftex.def Info: Images/button_auto_repeat.png  used on input line 183.
(pdftex.def)             Requested size: 345.0pt x 266.48926pt.


[14 <./Images/button_hold_pulse.png>]

LaTeX Warning: Reference `fig:alr' on page 15 undefined on input line 190.

<Images/armed_latch.png, id=76, 725.71124pt x 579.16376pt>
File: Images/armed_latch.png Graphic file (type png)
<use Images/armed_latch.png>
Package pdftex.def Info: Images/armed_latch.png  used on input line 196.
(pdftex.def)             Requested size: 345.0pt x 275.3354pt.


[15 <./Images/button_auto_repeat.png>]
<Images/edit_mode_selector.png, id=81, 727.71875pt x 649.42625pt>
File: Images/edit_mode_selector.png Graphic file (type png)
<use Images/edit_mode_selector.png>
Package pdftex.def Info: Images/edit_mode_selector.png  used on input line 208.
(pdftex.def)             Requested size: 345.0pt x 307.88611pt.


[16 <./Images/armed_latch.png>]
<Images/editable_counter.png, id=86, 746.79pt x 649.42625pt>
File: Images/editable_counter.png Graphic file (type png)
<use Images/editable_counter.png>
Package pdftex.def Info: Images/editable_counter.png  used on input line 224.
(pdftex.def)             Requested size: 345.0pt x 300.01802pt.


[17 <./Images/edit_mode_selector.png>]
<Images/key_synchroniser.png, id=91, 827.09pt x 649.42625pt>
File: Images/key_synchroniser.png Graphic file (type png)
<use Images/key_synchroniser.png>
Package pdftex.def Info: Images/key_synchroniser.png  used on input line 238.
(pdftex.def)             Requested size: 345.0pt x 270.8942pt.


[18 <./Images/editable_counter.png>]
<Images/decimal_display_driver.png, id=97, 754.82pt x 571.13374pt>
File: Images/decimal_display_driver.png Graphic file (type png)
<use Images/decimal_display_driver.png>
Package pdftex.def Info: Images/decimal_display_driver.png  used on input line 251.
(pdftex.def)             Requested size: 345.0pt x 261.04276pt.


[19 <./Images/key_synchroniser.png>]
<Images/user_top_watch_v1.png, id=102, 966.61125pt x 571.13374pt>
File: Images/user_top_watch_v1.png Graphic file (type png)
<use Images/user_top_watch_v1.png>
Package pdftex.def Info: Images/user_top_watch_v1.png  used on input line 265.
(pdftex.def)             Requested size: 345.0pt x 203.8476pt.


[20 <./Images/decimal_display_driver.png>]
<Images/user_top_watch_v2.png, id=107, 809.0225pt x 571.13374pt>
File: Images/user_top_watch_v2.png Graphic file (type png)
<use Images/user_top_watch_v2.png>
Package pdftex.def Info: Images/user_top_watch_v2.png  used on input line 282.
(pdftex.def)             Requested size: 345.0pt x 243.55217pt.


[21 <./Images/user_top_watch_v1.png>]
<Images/user_top_watch_v3.png, id=112, 1121.18875pt x 571.13374pt>
File: Images/user_top_watch_v3.png Graphic file (type png)
<use Images/user_top_watch_v3.png>
Package pdftex.def Info: Images/user_top_watch_v3.png  used on input line 301.
(pdftex.def)             Requested size: 345.0pt x 175.74242pt.


[22 <./Images/user_top_watch_v2.png>]
<Images/user_top_watch_v4.png, id=117, 913.4125pt x 571.13374pt>
File: Images/user_top_watch_v4.png Graphic file (type png)
<use Images/user_top_watch_v4.png>
Package pdftex.def Info: Images/user_top_watch_v4.png  used on input line 319.
(pdftex.def)             Requested size: 345.0pt x 215.71715pt.


[23 <./Images/user_top_watch_v3.png>]

[24 <./Images/user_top_watch_v4.png>]
LaTeX Font Info:    Trying to load font information for T1+ntxtt on input line 353.
 (/usr/local/texlive/2025/texmf-dist/tex/latex/newtx/t1ntxtt.fd
File: t1ntxtt.fd 2012/04/20 v3.1
)
LaTeX Font Info:    Font shape `T1/ntxtt/m/n' will be
(Font)              scaled to size 10.0pt on input line 353.

Overfull \hbox (1.499pt too wide) in paragraph at lines 360--360
[]  \T1/ntxtt/m/n/10 // Pressing start stop toggles stopwatch b/t running and stopped[] 
 []


Overfull \hbox (38.24889pt too wide) in paragraph at lines 360--360
[]  \T1/ntxtt/m/n/10 // If stopped with a frozen display, lap unfreezes the display (no rst)[] 
 []



[25]
Overfull \hbox (11.99896pt too wide) in paragraph at lines 448--448
[]\T1/ntxtt/m/n/10 // Wave restartable rate generator testbench for max cycle of 1 case[] 
 []


Overfull \hbox (32.9989pt too wide) in paragraph at lines 448--448
[]\T1/ntxtt/m/n/10 // Based of wave_restartable_rate_generator.v written by Jonathan Manton[] 
 []



[26]
Overfull \hbox (11.99896pt too wide) in paragraph at lines 448--448
[]    \T1/ntxtt/m/n/10 // Disable mid-cycle: counter resets, no stray tick on re-enable[] 
 []

<Images/restartable_rate_generator_one.png, id=136, 885.3075pt x 569.12625pt>
File: Images/restartable_rate_generator_one.png Graphic file (type png)
<use Images/restartable_rate_generator_one.png>
Package pdftex.def Info: Images/restartable_rate_generator_one.png  used on input line 452.
(pdftex.def)             Requested size: 345.0pt x 221.78465pt.


[27]

[28 <./Images/restartable_rate_generator_one.png>]
Underfull \hbox (badness 10000) in paragraph at lines 511--537
\T1/ntxtlf/m/n/10 ware. 
 []


Underfull \hbox (badness 10000) in paragraph at lines 511--537

 []


Underfull \hbox (badness 10000) in paragraph at lines 511--537

 []



[29]

[30]
<Images/up_down_counter_reset.png, id=154, 797.98125pt x 572.1375pt>
File: Images/up_down_counter_reset.png Graphic file (type png)
<use Images/up_down_counter_reset.png>
Package pdftex.def Info: Images/up_down_counter_reset.png  used on input line 620.
(pdftex.def)             Requested size: 345.0pt x 247.35876pt.


[31]
Underfull \hbox (badness 10000) in paragraph at lines 629--646
\T1/ntxtlf/m/n/10 ble for ba-sic count-ing func-tions and reg-is-ters. 
 []


Underfull \hbox (badness 10000) in paragraph at lines 629--646
\T1/ntxtlf/m/n/10 is re-spon-si-ble for cor-rect time-keep-ing. 
 []


Underfull \hbox (badness 3240) in paragraph at lines 629--646
\T1/ntxtlf/m/n/10 the cor-rect reg-is-ter. This layer is re-spon-si-ble for the lap logic. 
 []


Underfull \hbox (badness 10000) in paragraph at lines 629--646
\T1/ntxtlf/m/n/10 timer func-tion. 
 []



[32 <./Images/up_down_counter_reset.png>]
Overfull \hbox (13.95908pt too wide) in paragraph at lines 651--654
\T1/ntxtlf/m/n/10 The en-able sig-nal of the counter is de-cided us-ing the com-bi-na-tional logic [][]\T1/ntxtt/m/n/10 tick && enable[]\T1/ntxtlf/m/n/10 .
 []


Underfull \hbox (badness 10000) in paragraph at lines 672--687
\T1/ntxtlf/m/n/10 next state logic. 
 []


Underfull \hbox (badness 10000) in paragraph at lines 672--687

 []


Underfull \hbox (badness 10000) in paragraph at lines 672--687
\T1/ntxtlf/m/n/10 These were linked to the counter mod-ules. 
 []


Underfull \hbox (badness 10000) in paragraph at lines 672--687

 []


Underfull \hbox (badness 10000) in paragraph at lines 689--701

 []



[33]
<Images/elaborated.png, id=165, 1502.61375pt x 430.60875pt>
File: Images/elaborated.png Graphic file (type png)
<use Images/elaborated.png>
Package pdftex.def Info: Images/elaborated.png  used on input line 733.
(pdftex.def)             Requested size: 345.0pt x 98.86708pt.


[34]
<Images/proc.png, id=169, 1197.47375pt x 407.5225pt>
File: Images/proc.png Graphic file (type png)
<use Images/proc.png>
Package pdftex.def Info: Images/proc.png  used on input line 746.
(pdftex.def)             Requested size: 345.0pt x 117.40742pt.
<Images/techmap.png, id=170, 3228.06pt x 774.895pt>
File: Images/techmap.png Graphic file (type png)
<use Images/techmap.png>
Package pdftex.def Info: Images/techmap.png  used on input line 760.
(pdftex.def)             Requested size: 345.0pt x 82.8148pt.


[35 <./Images/elaborated.png> <./Images/proc.png>]
<Images/abc.png, id=174, 3228.06pt x 774.895pt>
File: Images/abc.png Graphic file (type png)
<use Images/abc.png>
Package pdftex.def Info: Images/abc.png  used on input line 768.
(pdftex.def)             Requested size: 345.0pt x 82.8148pt.


[36 <./Images/techmap.png> <./Images/abc.png>] (./Final.aux)
 ***********
LaTeX2e <2024-11-01> patch level 2
L3 programming layer <2020/03/25>
 ***********


LaTeX Warning: There were undefined references.


LaTeX Warning: There were multiply-defined labels.

 ) 
Here is how much of TeX's memory you used:
 4263 strings out of 473190
 71049 string characters out of 5715800
 467572 words of memory out of 5000000
 27463 multiletter control sequences out of 15000+600000
 587718 words of font info for 55 fonts, out of 8000000 for 9000
 1141 hyphenation exceptions out of 8191
 80i,7n,93p,386b,275s stack positions out of 10000i,1000n,20000p,200000b,200000s
</usr/local/texlive/2025/texmf-dist/fonts/type1/public/amsfonts/cm/cmmi10.pfb></usr/local/texlive/2025/texmf-dist/fonts/type1/public/amsfonts/cm/cmmi7.pfb></usr/local/texlive/2025/texmf-dist/fonts/type1/public/amsfonts/cm/cmr10.pfb></usr/local/texlive/2025/texmf-dist/fonts/type1/public/amsfonts/cm/cmr7.pfb></usr/local/texlive/2025/texmf-dist/fonts/type1/public/amsfonts/cm/cmsy10.pfb></usr/local/texlive/2025/texmf-dist/fonts/type1/public/txfonts/t1xtt.pfb></usr/local/texlive/2025/texmf-dist/fonts/type1/public/newtx/ztmb.pfb></usr/local/texlive/2025/texmf-dist/fonts/type1/public/newtx/ztmr.pfb>
Output written on Final.pdf (37 pages, 2059614 bytes).
PDF statistics:
 220 PDF objects out of 1000 (max. 8388607)
 111 compressed objects within 2 object streams
 0 named destinations out of 1000 (max. 500000)
 136 words of extra memory for PDF output out of 10000 (max. 10000000)

